
 LIST ALL SELECTED ELEMENTS.  (LIST NODES)
 
    ELEM MAT TYP REL ESY SEC        NODES
 
       1   1   1   1   0   1      1     2    13    12
       2   1   1   1   0   1      2     3    14    13
       3   1   1   1   0   1      3     4    15    14
       4   1   1   1   0   1      4     5    16    15
       5   1   1   1   0   1      5     6    17    16
       6   1   1   1   0   1      6     7    18    17
       7   1   1   1   0   1      7     8    19    18
       8   1   1   1   0   1      8     9    20    19
       9   1   1   1   0   1      9    10    21    20
      10   1   1   1   0   1     10    11    22    21
      11   1   1   1   0   1     12    13    24    23
      12   1   1   1   0   1     13    14    25    24
      13   1   1   1   0   1     14    15    26    25
      14   1   1   1   0   1     15    16    27    26
      15   1   1   1   0   1     16    17    28    27
      16   1   1   1   0   1     17    18    29    28
      17   1   1   1   0   1     18    19    30    29
      18   1   1   1   0   1     19    20    31    30
      19   1   1   1   0   1     20    21    32    31
      20   1   1   1   0   1     21    22    33    32
 
    ELEM MAT TYP REL ESY SEC        NODES
 
      21   1   1   1   0   1     23    24    35    34
      22   1   1   1   0   1     24    25    36    35
      23   1   1   1   0   1     25    26    37    36
      24   1   1   1   0   1     26    27    38    37
      25   1   1   1   0   1     27    28    39    38
      26   1   1   1   0   1     28    29    40    39
      27   1   1   1   0   1     29    30    41    40
      28   1   1   1   0   1     30    31    42    41
      29   1   1   1   0   1     31    32    43    42
      30   1   1   1   0   1     32    33    44    43
      31   1   1   1   0   1     34    35    46    45
      32   1   1   1   0   1     35    36    47    46
      33   1   1   1   0   1     36    37    48    47
      34   1   1   1   0   1     37    38    49    48
      35   1   1   1   0   1     38    39    50    49
      36   1   1   1   0   1     39    40    51    50
      37   1   1   1   0   1     40    41    52    51
      38   1   1   1   0   1     41    42    53    52
      39   1   1   1   0   1     42    43    54    53
      40   1   1   1   0   1     43    44    55    54
 
    ELEM MAT TYP REL ESY SEC        NODES
 
      41   1   1   1   0   1     45    46    57    56
      42   1   1   1   0   1     46    47    58    57
      43   1   1   1   0   1     47    48    59    58
      44   1   1   1   0   1     48    49    60    59
      45   1   1   1   0   1     49    50    61    60
      46   1   1   1   0   1     50    51    62    61
      47   1   1   1   0   1     51    52    63    62
      48   1   1   1   0   1     52    53    64    63
      49   1   1   1   0   1     53    54    65    64
      50   1   1   1   0   1     54    55    66    65
      51   1   1   1   0   1     56    57    68    67
      52   1   1   1   0   1     57    58    69    68
      53   1   1   1   0   1     58    59    70    69
      54   1   1   1   0   1     59    60    71    70
      55   1   1   1   0   1     60    61    72    71
      56   1   1   1   0   1     61    62    73    72
      57   1   1   1   0   1     62    63    74    73
      58   1   1   1   0   1     63    64    75    74
      59   1   1   1   0   1     64    65    76    75
      60   1   1   1   0   1     65    66    77    76
 
    ELEM MAT TYP REL ESY SEC        NODES
 
      61   1   1   1   0   1     67    68    79    78
      62   1   1   1   0   1     68    69    80    79
      63   1   1   1   0   1     69    70    81    80
      64   1   1   1   0   1     70    71    82    81
      65   1   1   1   0   1     71    72    83    82
      66   1   1   1   0   1     72    73    84    83
      67   1   1   1   0   1     73    74    85    84
      68   1   1   1   0   1     74    75    86    85
      69   1   1   1   0   1     75    76    87    86
      70   1   1   1   0   1     76    77    88    87
      71   1   1   1   0   1     78    79    90    89
      72   1   1   1   0   1     79    80    91    90
      73   1   1   1   0   1     80    81    92    91
      74   1   1   1   0   1     81    82    93    92
      75   1   1   1   0   1     82    83    94    93
      76   1   1   1   0   1     83    84    95    94
      77   1   1   1   0   1     84    85    96    95
      78   1   1   1   0   1     85    86    97    96
      79   1   1   1   0   1     86    87    98    97
      80   1   1   1   0   1     87    88    99    98
 
    ELEM MAT TYP REL ESY SEC        NODES
 
      81   1   1   1   0   1     89    90   101   100
      82   1   1   1   0   1     90    91   102   101
      83   1   1   1   0   1     91    92   103   102
      84   1   1   1   0   1     92    93   104   103
      85   1   1   1   0   1     93    94   105   104
      86   1   1   1   0   1     94    95   106   105
      87   1   1   1   0   1     95    96   107   106
      88   1   1   1   0   1     96    97   108   107
      89   1   1   1   0   1     97    98   109   108
      90   1   1   1   0   1     98    99   110   109
      91   1   1   1   0   1    100   101   112   111
      92   1   1   1   0   1    101   102   113   112
      93   1   1   1   0   1    102   103   114   113
      94   1   1   1   0   1    103   104   115   114
      95   1   1   1   0   1    104   105   116   115
      96   1   1   1   0   1    105   106   117   116
      97   1   1   1   0   1    106   107   118   117
      98   1   1   1   0   1    107   108   119   118
      99   1   1   1   0   1    108   109   120   119
     100   1   1   1   0   1    109   110   121   120
 
    ELEM MAT TYP REL ESY SEC        NODES
 
     101   1   2   1   0   1      1    13
     102   1   2   1   0   1      2    14
     103   1   2   1   0   1      3    15
     104   1   2   1   0   1      4    16
     105   1   2   1   0   1      5    17
     106   1   2   1   0   1      6    18
     107   1   2   1   0   1      7    19
     108   1   2   1   0   1      8    20
     109   1   2   1   0   1      9    21
     110   1   2   1   0   1     10    22
     111   1   2   1   0   1     12    24
     112   1   2   1   0   1     13    25
     113   1   2   1   0   1     14    26
     114   1   2   1   0   1     15    27
     115   1   2   1   0   1     16    28
     116   1   2   1   0   1     17    29
     117   1   2   1   0   1     18    30
     118   1   2   1   0   1     19    31
     119   1   2   1   0   1     20    32
     120   1   2   1   0   1     21    33
 
    ELEM MAT TYP REL ESY SEC        NODES
 
     121   1   2   1   0   1     23    35
     122   1   2   1   0   1     24    36
     123   1   2   1   0   1     25    37
     124   1   2   1   0   1     26    38
     125   1   2   1   0   1     27    39
     126   1   2   1   0   1     28    40
     127   1   2   1   0   1     29    41
     128   1   2   1   0   1     30    42
     129   1   2   1   0   1     31    43
     130   1   2   1   0   1     32    44
     131   1   2   1   0   1     34    46
     132   1   2   1   0   1     35    47
     133   1   2   1   0   1     36    48
     134   1   2   1   0   1     37    49
     135   1   2   1   0   1     38    50
     136   1   2   1   0   1     39    51
     137   1   2   1   0   1     40    52
     138   1   2   1   0   1     41    53
     139   1   2   1   0   1     42    54
     140   1   2   1   0   1     43    55
 
    ELEM MAT TYP REL ESY SEC        NODES
 
     141   1   2   1   0   1     45    57
     142   1   2   1   0   1     46    58
     143   1   2   1   0   1     47    59
     144   1   2   1   0   1     48    60
     145   1   2   1   0   1     49    61
     146   1   2   1   0   1     50    62
     147   1   2   1   0   1     51    63
     148   1   2   1   0   1     52    64
     149   1   2   1   0   1     53    65
     150   1   2   1   0   1     54    66
     151   1   2   1   0   1     56    68
     152   1   2   1   0   1     57    69
     153   1   2   1   0   1     58    70
     154   1   2   1   0   1     59    71
     155   1   2   1   0   1     60    72
     156   1   2   1   0   1     61    73
     157   1   2   1   0   1     62    74
     158   1   2   1   0   1     63    75
     159   1   2   1   0   1     64    76
     160   1   2   1   0   1     65    77
 
    ELEM MAT TYP REL ESY SEC        NODES
 
     161   1   2   1   0   1     67    79
     162   1   2   1   0   1     68    80
     163   1   2   1   0   1     69    81
     164   1   2   1   0   1     70    82
     165   1   2   1   0   1     71    83
     166   1   2   1   0   1     72    84
     167   1   2   1   0   1     73    85
     168   1   2   1   0   1     74    86
     169   1   2   1   0   1     75    87
     170   1   2   1   0   1     76    88
     171   1   2   1   0   1     78    90
     172   1   2   1   0   1     79    91
     173   1   2   1   0   1     80    92
     174   1   2   1   0   1     81    93
     175   1   2   1   0   1     82    94
     176   1   2   1   0   1     83    95
     177   1   2   1   0   1     84    96
     178   1   2   1   0   1     85    97
     179   1   2   1   0   1     86    98
     180   1   2   1   0   1     87    99
 
    ELEM MAT TYP REL ESY SEC        NODES
 
     181   1   2   1   0   1     89   101
     182   1   2   1   0   1     90   102
     183   1   2   1   0   1     91   103
     184   1   2   1   0   1     92   104
     185   1   2   1   0   1     93   105
     186   1   2   1   0   1     94   106
     187   1   2   1   0   1     95   107
     188   1   2   1   0   1     96   108
     189   1   2   1   0   1     97   109
     190   1   2   1   0   1     98   110
     191   1   2   1   0   1    100   112
     192   1   2   1   0   1    101   113
     193   1   2   1   0   1    102   114
     194   1   2   1   0   1    103   115
     195   1   2   1   0   1    104   116
     196   1   2   1   0   1    105   117
     197   1   2   1   0   1    106   118
     198   1   2   1   0   1    107   119
     199   1   2   1   0   1    108   120
     200   1   2   1   0   1    109   121
 
    ELEM MAT TYP REL ESY SEC        NODES
 
     201   1   2   1   0   1      2    12
     202   1   2   1   0   1      3    13
     203   1   2   1   0   1      4    14
     204   1   2   1   0   1      5    15
     205   1   2   1   0   1      6    16
     206   1   2   1   0   1      7    17
     207   1   2   1   0   1      8    18
     208   1   2   1   0   1      9    19
     209   1   2   1   0   1     10    20
     210   1   2   1   0   1     11    21
     211   1   2   1   0   1     13    23
     212   1   2   1   0   1     14    24
     213   1   2   1   0   1     15    25
     214   1   2   1   0   1     16    26
     215   1   2   1   0   1     17    27
     216   1   2   1   0   1     18    28
     217   1   2   1   0   1     19    29
     218   1   2   1   0   1     20    30
     219   1   2   1   0   1     21    31
     220   1   2   1   0   1     22    32
 
    ELEM MAT TYP REL ESY SEC        NODES
 
     221   1   2   1   0   1     24    34
     222   1   2   1   0   1     25    35
     223   1   2   1   0   1     26    36
     224   1   2   1   0   1     27    37
     225   1   2   1   0   1     28    38
     226   1   2   1   0   1     29    39
     227   1   2   1   0   1     30    40
     228   1   2   1   0   1     31    41
     229   1   2   1   0   1     32    42
     230   1   2   1   0   1     33    43
     231   1   2   1   0   1     35    45
     232   1   2   1   0   1     36    46
     233   1   2   1   0   1     37    47
     234   1   2   1   0   1     38    48
     235   1   2   1   0   1     39    49
     236   1   2   1   0   1     40    50
     237   1   2   1   0   1     41    51
     238   1   2   1   0   1     42    52
     239   1   2   1   0   1     43    53
     240   1   2   1   0   1     44    54
 
    ELEM MAT TYP REL ESY SEC        NODES
 
     241   1   2   1   0   1     46    56
     242   1   2   1   0   1     47    57
     243   1   2   1   0   1     48    58
     244   1   2   1   0   1     49    59
     245   1   2   1   0   1     50    60
     246   1   2   1   0   1     51    61
     247   1   2   1   0   1     52    62
     248   1   2   1   0   1     53    63
     249   1   2   1   0   1     54    64
     250   1   2   1   0   1     55    65
     251   1   2   1   0   1     57    67
     252   1   2   1   0   1     58    68
     253   1   2   1   0   1     59    69
     254   1   2   1   0   1     60    70
     255   1   2   1   0   1     61    71
     256   1   2   1   0   1     62    72
     257   1   2   1   0   1     63    73
     258   1   2   1   0   1     64    74
     259   1   2   1   0   1     65    75
     260   1   2   1   0   1     66    76
 
    ELEM MAT TYP REL ESY SEC        NODES
 
     261   1   2   1   0   1     68    78
     262   1   2   1   0   1     69    79
     263   1   2   1   0   1     70    80
     264   1   2   1   0   1     71    81
     265   1   2   1   0   1     72    82
     266   1   2   1   0   1     73    83
     267   1   2   1   0   1     74    84
     268   1   2   1   0   1     75    85
     269   1   2   1   0   1     76    86
     270   1   2   1   0   1     77    87
     271   1   2   1   0   1     79    89
     272   1   2   1   0   1     80    90
     273   1   2   1   0   1     81    91
     274   1   2   1   0   1     82    92
     275   1   2   1   0   1     83    93
     276   1   2   1   0   1     84    94
     277   1   2   1   0   1     85    95
     278   1   2   1   0   1     86    96
     279   1   2   1   0   1     87    97
     280   1   2   1   0   1     88    98
 
    ELEM MAT TYP REL ESY SEC        NODES
 
     281   1   2   1   0   1     90   100
     282   1   2   1   0   1     91   101
     283   1   2   1   0   1     92   102
     284   1   2   1   0   1     93   103
     285   1   2   1   0   1     94   104
     286   1   2   1   0   1     95   105
     287   1   2   1   0   1     96   106
     288   1   2   1   0   1     97   107
     289   1   2   1   0   1     98   108
     290   1   2   1   0   1     99   109
     291   1   2   1   0   1    101   111
     292   1   2   1   0   1    102   112
     293   1   2   1   0   1    103   113
     294   1   2   1   0   1    104   114
     295   1   2   1   0   1    105   115
     296   1   2   1   0   1    106   116
     297   1   2   1   0   1    107   117
     298   1   2   1   0   1    108   118
     299   1   2   1   0   1    109   119
     300   1   2   1   0   1    110   120

