
 LIST CONSTRAINTS FOR SELECTED NODES         1 TO      121 BY        1
 CURRENTLY SELECTED DOF SET= UX   UY   UZ   ROTX ROTY ROTZ
 
     NODE  LABEL     REAL           IMAG
         1  UX     0.00000000      0.00000000    
         1  UY     0.00000000      0.00000000    
         1  UZ     0.00000000      0.00000000    
         1  ROTX   0.00000000      0.00000000    
         1  ROTY   0.00000000      0.00000000    
         1  ROTZ   0.00000000      0.00000000    
        11  UX     0.00000000      0.00000000    
        11  UY     0.00000000      0.00000000    
        11  UZ     0.00000000      0.00000000    
        11  ROTX   0.00000000      0.00000000    
        11  ROTY   0.00000000      0.00000000    
        11  ROTZ   0.00000000      0.00000000    
       111  UX     0.00000000      0.00000000    
       111  UY     0.00000000      0.00000000    
       111  UZ     0.00000000      0.00000000    
       111  ROTX   0.00000000      0.00000000    
       111  ROTY   0.00000000      0.00000000    
       111  ROTZ   0.00000000      0.00000000    
       121  UX     0.00000000      0.00000000    
       121  UY     0.00000000      0.00000000    
 
     NODE  LABEL     REAL           IMAG
       121  UZ     0.00000000      0.00000000    
       121  ROTX   0.00000000      0.00000000    
       121  ROTY   0.00000000      0.00000000    
       121  ROTZ   0.00000000      0.00000000    

