
 LIST ALL SELECTED NODES.   DSYS=      0
 SORT TABLE ON  NODE  NODE  NODE

    NODE        X             Y             Z           THXY     THYZ     THZX
        1   0.0000        0.0000        0.0000          0.00     0.00     0.00
        2  0.10000        0.0000        0.0000          0.00     0.00     0.00
        3  0.20000        0.0000        0.0000          0.00     0.00     0.00
        4  0.30000        0.0000        0.0000          0.00     0.00     0.00
        5  0.40000        0.0000        0.0000          0.00     0.00     0.00
        6  0.50000        0.0000        0.0000          0.00     0.00     0.00
        7  0.60000        0.0000        0.0000          0.00     0.00     0.00
        8  0.70000        0.0000        0.0000          0.00     0.00     0.00
        9  0.80000        0.0000        0.0000          0.00     0.00     0.00
       10  0.90000        0.0000        0.0000          0.00     0.00     0.00
       11   1.0000        0.0000        0.0000          0.00     0.00     0.00
       12   0.0000       0.10000        0.0000          0.00     0.00     0.00
       13  0.10000       0.10000        0.0000          0.00     0.00     0.00
       14  0.20000       0.10000        0.0000          0.00     0.00     0.00
       15  0.30000       0.10000        0.0000          0.00     0.00     0.00
       16  0.40000       0.10000        0.0000          0.00     0.00     0.00
       17  0.50000       0.10000        0.0000          0.00     0.00     0.00
       18  0.60000       0.10000        0.0000          0.00     0.00     0.00
       19  0.70000       0.10000        0.0000          0.00     0.00     0.00
       20  0.80000       0.10000        0.0000          0.00     0.00     0.00

    NODE        X             Y             Z           THXY     THYZ     THZX
       21  0.90000       0.10000        0.0000          0.00     0.00     0.00
       22   1.0000       0.10000        0.0000          0.00     0.00     0.00
       23   0.0000       0.20000        0.0000          0.00     0.00     0.00
       24  0.10000       0.20000        0.0000          0.00     0.00     0.00
       25  0.20000       0.20000        0.0000          0.00     0.00     0.00
       26  0.30000       0.20000        0.0000          0.00     0.00     0.00
       27  0.40000       0.20000        0.0000          0.00     0.00     0.00
       28  0.50000       0.20000        0.0000          0.00     0.00     0.00
       29  0.60000       0.20000        0.0000          0.00     0.00     0.00
       30  0.70000       0.20000        0.0000          0.00     0.00     0.00
       31  0.80000       0.20000        0.0000          0.00     0.00     0.00
       32  0.90000       0.20000        0.0000          0.00     0.00     0.00
       33   1.0000       0.20000        0.0000          0.00     0.00     0.00
       34   0.0000       0.30000        0.0000          0.00     0.00     0.00
       35  0.10000       0.30000        0.0000          0.00     0.00     0.00
       36  0.20000       0.30000        0.0000          0.00     0.00     0.00
       37  0.30000       0.30000        0.0000          0.00     0.00     0.00
       38  0.40000       0.30000        0.0000          0.00     0.00     0.00
       39  0.50000       0.30000        0.0000          0.00     0.00     0.00
       40  0.60000       0.30000        0.0000          0.00     0.00     0.00

    NODE        X             Y             Z           THXY     THYZ     THZX
       41  0.70000       0.30000        0.0000          0.00     0.00     0.00
       42  0.80000       0.30000        0.0000          0.00     0.00     0.00
       43  0.90000       0.30000        0.0000          0.00     0.00     0.00
       44   1.0000       0.30000        0.0000          0.00     0.00     0.00
       45   0.0000       0.40000        0.0000          0.00     0.00     0.00
       46  0.10000       0.40000        0.0000          0.00     0.00     0.00
       47  0.20000       0.40000        0.0000          0.00     0.00     0.00
       48  0.30000       0.40000        0.0000          0.00     0.00     0.00
       49  0.40000       0.40000        0.0000          0.00     0.00     0.00
       50  0.50000       0.40000        0.0000          0.00     0.00     0.00
       51  0.60000       0.40000        0.0000          0.00     0.00     0.00
       52  0.70000       0.40000        0.0000          0.00     0.00     0.00
       53  0.80000       0.40000        0.0000          0.00     0.00     0.00
       54  0.90000       0.40000        0.0000          0.00     0.00     0.00
       55   1.0000       0.40000        0.0000          0.00     0.00     0.00
       56   0.0000       0.50000        0.0000          0.00     0.00     0.00
       57  0.10000       0.50000        0.0000          0.00     0.00     0.00
       58  0.20000       0.50000        0.0000          0.00     0.00     0.00
       59  0.30000       0.50000        0.0000          0.00     0.00     0.00
       60  0.40000       0.50000        0.0000          0.00     0.00     0.00

    NODE        X             Y             Z           THXY     THYZ     THZX
       61  0.50000       0.50000        0.0000          0.00     0.00     0.00
       62  0.60000       0.50000        0.0000          0.00     0.00     0.00
       63  0.70000       0.50000        0.0000          0.00     0.00     0.00
       64  0.80000       0.50000        0.0000          0.00     0.00     0.00
       65  0.90000       0.50000        0.0000          0.00     0.00     0.00
       66   1.0000       0.50000        0.0000          0.00     0.00     0.00
       67   0.0000       0.60000        0.0000          0.00     0.00     0.00
       68  0.10000       0.60000        0.0000          0.00     0.00     0.00
       69  0.20000       0.60000        0.0000          0.00     0.00     0.00
       70  0.30000       0.60000        0.0000          0.00     0.00     0.00
       71  0.40000       0.60000        0.0000          0.00     0.00     0.00
       72  0.50000       0.60000        0.0000          0.00     0.00     0.00
       73  0.60000       0.60000        0.0000          0.00     0.00     0.00
       74  0.70000       0.60000        0.0000          0.00     0.00     0.00
       75  0.80000       0.60000        0.0000          0.00     0.00     0.00
       76  0.90000       0.60000        0.0000          0.00     0.00     0.00
       77   1.0000       0.60000        0.0000          0.00     0.00     0.00
       78   0.0000       0.70000        0.0000          0.00     0.00     0.00
       79  0.10000       0.70000        0.0000          0.00     0.00     0.00
       80  0.20000       0.70000        0.0000          0.00     0.00     0.00

    NODE        X             Y             Z           THXY     THYZ     THZX
       81  0.30000       0.70000        0.0000          0.00     0.00     0.00
       82  0.40000       0.70000        0.0000          0.00     0.00     0.00
       83  0.50000       0.70000        0.0000          0.00     0.00     0.00
       84  0.60000       0.70000        0.0000          0.00     0.00     0.00
       85  0.70000       0.70000        0.0000          0.00     0.00     0.00
       86  0.80000       0.70000        0.0000          0.00     0.00     0.00
       87  0.90000       0.70000        0.0000          0.00     0.00     0.00
       88   1.0000       0.70000        0.0000          0.00     0.00     0.00
       89   0.0000       0.80000        0.0000          0.00     0.00     0.00
       90  0.10000       0.80000        0.0000          0.00     0.00     0.00
       91  0.20000       0.80000        0.0000          0.00     0.00     0.00
       92  0.30000       0.80000        0.0000          0.00     0.00     0.00
       93  0.40000       0.80000        0.0000          0.00     0.00     0.00
       94  0.50000       0.80000        0.0000          0.00     0.00     0.00
       95  0.60000       0.80000        0.0000          0.00     0.00     0.00
       96  0.70000       0.80000        0.0000          0.00     0.00     0.00
       97  0.80000       0.80000        0.0000          0.00     0.00     0.00
       98  0.90000       0.80000        0.0000          0.00     0.00     0.00
       99   1.0000       0.80000        0.0000          0.00     0.00     0.00
      100   0.0000       0.90000        0.0000          0.00     0.00     0.00

    NODE        X             Y             Z           THXY     THYZ     THZX
      101  0.10000       0.90000        0.0000          0.00     0.00     0.00
      102  0.20000       0.90000        0.0000          0.00     0.00     0.00
      103  0.30000       0.90000        0.0000          0.00     0.00     0.00
      104  0.40000       0.90000        0.0000          0.00     0.00     0.00
      105  0.50000       0.90000        0.0000          0.00     0.00     0.00
      106  0.60000       0.90000        0.0000          0.00     0.00     0.00
      107  0.70000       0.90000        0.0000          0.00     0.00     0.00
      108  0.80000       0.90000        0.0000          0.00     0.00     0.00
      109  0.90000       0.90000        0.0000          0.00     0.00     0.00
      110   1.0000       0.90000        0.0000          0.00     0.00     0.00
      111   0.0000        1.0000        0.0000          0.00     0.00     0.00
      112  0.10000        1.0000        0.0000          0.00     0.00     0.00
      113  0.20000        1.0000        0.0000          0.00     0.00     0.00
      114  0.30000        1.0000        0.0000          0.00     0.00     0.00
      115  0.40000        1.0000        0.0000          0.00     0.00     0.00
      116  0.50000        1.0000        0.0000          0.00     0.00     0.00
      117  0.60000        1.0000        0.0000          0.00     0.00     0.00
      118  0.70000        1.0000        0.0000          0.00     0.00     0.00
      119  0.80000        1.0000        0.0000          0.00     0.00     0.00
      120  0.90000        1.0000        0.0000          0.00     0.00     0.00

    NODE        X             Y             Z           THXY     THYZ     THZX
      121   1.0000        1.0000        0.0000          0.00     0.00     0.00

