
 LIST CONSTRAINTS FOR SELECTED NODES         1 TO     1681 BY        1
 CURRENTLY SELECTED DOF SET= UX   UY   UZ   ROTX ROTY ROTZ
 
     NODE  LABEL     REAL           IMAG
         1  UX     0.00000000      0.00000000    
         1  UY     0.00000000      0.00000000    
         1  UZ     0.00000000      0.00000000    
         1  ROTX   0.00000000      0.00000000    
         1  ROTY   0.00000000      0.00000000    
         1  ROTZ   0.00000000      0.00000000    
        41  UX     0.00000000      0.00000000    
        41  UY     0.00000000      0.00000000    
        41  UZ     0.00000000      0.00000000    
        41  ROTX   0.00000000      0.00000000    
        41  ROTY   0.00000000      0.00000000    
        41  ROTZ   0.00000000      0.00000000    
      1641  UX     0.00000000      0.00000000    
      1641  UY     0.00000000      0.00000000    
      1641  UZ     0.00000000      0.00000000    
      1641  ROTX   0.00000000      0.00000000    
      1641  ROTY   0.00000000      0.00000000    
      1641  ROTZ   0.00000000      0.00000000    
      1681  UX     0.00000000      0.00000000    
      1681  UY     0.00000000      0.00000000    
 
     NODE  LABEL     REAL           IMAG
      1681  UZ     0.00000000      0.00000000    
      1681  ROTX   0.00000000      0.00000000    
      1681  ROTY   0.00000000      0.00000000    
      1681  ROTZ   0.00000000      0.00000000    

