
 LIST CONSTRAINTS FOR SELECTED NODES         1 TO     2501 BY        1
 CURRENTLY SELECTED DOF SET= UX   UY   UZ   ROTX ROTY ROTZ
 
     NODE  LABEL     REAL           IMAG
         1  UX     0.00000000      0.00000000    
         1  UY     0.00000000      0.00000000    
         1  UZ     0.00000000      0.00000000    
         1  ROTX   0.00000000      0.00000000    
         1  ROTY   0.00000000      0.00000000    
         1  ROTZ   0.00000000      0.00000000    
        41  UX     0.00000000      0.00000000    
        41  UY     0.00000000      0.00000000    
        41  UZ     0.00000000      0.00000000    
        41  ROTX   0.00000000      0.00000000    
        41  ROTY   0.00000000      0.00000000    
        41  ROTZ   0.00000000      0.00000000    
      2461  UX     0.00000000      0.00000000    
      2461  UY     0.00000000      0.00000000    
      2461  UZ     0.00000000      0.00000000    
      2461  ROTX   0.00000000      0.00000000    
      2461  ROTY   0.00000000      0.00000000    
      2461  ROTZ   0.00000000      0.00000000    
      2501  UX     0.00000000      0.00000000    
      2501  UY     0.00000000      0.00000000    
 
     NODE  LABEL     REAL           IMAG
      2501  UZ     0.00000000      0.00000000    
      2501  ROTX   0.00000000      0.00000000    
      2501  ROTY   0.00000000      0.00000000    
      2501  ROTZ   0.00000000      0.00000000    

